\BOOKMARK [0][-]{part.1}{\376\377\000I\000\040\000P\000u\000r\000e\000\040\000G\000e\000o\000m\000e\000t\000r\000y\000\040\000\050\000T\000h\000e\000o\000r\000e\000m\000s\000\051}{}% 1
\BOOKMARK [1][-]{section.1}{\376\377\000T\000h\000e\000\040\000C\000o\000n\000s\000t\000r\000u\000c\000t\000i\000o\000n}{part.1}% 2
\BOOKMARK [2][-]{subsection.1.1}{\376\377\000M\000o\000t\000i\000v\000a\000t\000i\000o\000n}{section.1}% 3
\BOOKMARK [2][-]{subsection.1.2}{\376\377\000A\000x\000i\000o\000m\000s}{section.1}% 4
\BOOKMARK [2][-]{subsection.1.3}{\376\377\000T\000h\000e\000\040\000A\000l\000g\000o\000r\000i\000t\000h\000m}{section.1}% 5
\BOOKMARK [2][-]{subsection.1.4}{\376\377\000G\000e\000n\000e\000r\000a\000t\000i\000o\000n\000a\000l\000\040\000R\000e\000c\000u\000r\000s\000i\000o\000n}{section.1}% 6
\BOOKMARK [2][-]{subsection.1.5}{\376\377\000N\000o\000t\000e\000\040\000o\000n\000\040\000C\000o\000m\000p\000u\000t\000a\000t\000i\000o\000n\000a\000l\000\040\000V\000e\000r\000i\000f\000i\000c\000a\000t\000i\000o\000n\000\040\000a\000n\000d\000\040\000t\000h\000e\000\040\000F\000o\000r\000m\000a\000l\000i\000z\000a\000t\000i\000o\000n\000\040\000B\000o\000u\000n\000d\000a\000r\000y}{section.1}% 7
\BOOKMARK [2][-]{subsection.1.6}{\376\377\000U\000n\000i\000q\000u\000e\000n\000e\000s\000s\000\040\000a\000n\000d\000\040\000P\000a\000r\000s\000i\000m\000o\000n\000y}{section.1}% 8
\BOOKMARK [2][-]{subsection.1.7}{\376\377\000T\000h\000e\000\040\000C\000o\000o\000r\000d\000i\000n\000a\000t\000e\000s}{section.1}% 9
\BOOKMARK [2][-]{subsection.1.8}{\376\377\000T\000h\000e\000\040\000A\000t\000o\000m\000i\000c\000\040\000S\000p\000e\000c\000t\000r\000u\000m}{section.1}% 10
\BOOKMARK [1][-]{section.2}{\376\377\000T\000h\000e\000\040\000S\000i\000x\000\040\000S\000t\000r\000u\000c\000t\000u\000r\000a\000l\000\040\000T\000h\000e\000o\000r\000e\000m\000s}{part.1}% 11
\BOOKMARK [1][-]{section.3}{\376\377\000N\000o\000d\000e\000\040\000C\000l\000a\000s\000s\000i\000f\000i\000c\000a\000t\000i\000o\000n\000\040\000b\000y\000\040\000G\000e\000o\000m\000e\000t\000r\000i\000c\000\040\000I\000n\000v\000a\000r\000i\000a\000n\000t\000s}{part.1}% 12
\BOOKMARK [1][-]{section.4}{\376\377\000T\000h\000e\000\040\000D\000i\000s\000c\000r\000e\000t\000e\000\040\000G\000e\000o\000m\000e\000t\000r\000i\000c\000\040\000L\000a\000g\000r\000a\000n\000g\000i\000a\000n}{part.1}% 13
\BOOKMARK [2][-]{subsection.4.1}{\376\377\000A\000n\000a\000l\000y\000t\000i\000c\000a\000l\000\040\000G\000e\000n\000e\000r\000a\000t\000i\000o\000n\000a\000l\000\040\000S\000c\000a\000l\000e\000\040\000R\000a\000t\000i\000o\000s}{section.4}% 14
\BOOKMARK [0][-]{part.2}{\376\377\000I\000I\000\040\000P\000h\000y\000s\000i\000c\000a\000l\000\040\000I\000s\000o\000m\000o\000r\000p\000h\000i\000s\000m\000s\000\040\000\050\000D\000e\000r\000i\000v\000a\000t\000i\000o\000n\000s\000\051}{}% 15
\BOOKMARK [1][-]{section.5}{\376\377\000P\000h\000y\000s\000i\000c\000a\000l\000\040\000D\000e\000r\000i\000v\000a\000t\000i\000o\000n\000s\000\040\000f\000r\000o\000m\000\040\000t\000h\000e\000\040\000G\000e\000o\000m\000e\000t\000r\000i\000c\000\040\000K\000e\000r\000n\000e\000l}{part.2}% 16
\BOOKMARK [2][-]{subsection.5.1}{\376\377\000C\000o\000m\000p\000r\000e\000h\000e\000n\000s\000i\000v\000e\000\040\000S\000t\000a\000n\000d\000a\000r\000d\000\040\000M\000o\000d\000e\000l\000\040\000A\000c\000c\000o\000u\000n\000t\000i\000n\000g}{section.5}% 17
\BOOKMARK [2][-]{subsection.5.2}{\376\377\000P\000a\000r\000i\000t\000y\000\040\000V\000i\000o\000l\000a\000t\000i\000o\000n\000\040\000a\000n\000d\000\040\000C\000h\000i\000r\000a\000l\000\040\000A\000s\000y\000m\000m\000e\000t\000r\000y}{section.5}% 18
\BOOKMARK [2][-]{subsection.5.3}{\376\377\000G\000r\000a\000v\000i\000t\000a\000t\000i\000o\000n\000a\000l\000\040\000D\000y\000n\000a\000m\000i\000c\000s\000\040\000a\000n\000d\000\040\000D\000i\000s\000c\000r\000e\000t\000e\000\040\000C\000u\000r\000v\000a\000t\000u\000r\000e}{section.5}% 19
\BOOKMARK [2][-]{subsection.5.4}{\376\377\000G\000e\000n\000e\000r\000a\000t\000i\000o\000n\000a\000l\000\040\000R\000e\000c\000u\000r\000s\000i\000o\000n\000\040\000a\000s\000\040\000t\000h\000e\000\040\000E\000n\000g\000i\000n\000e\000\040\000o\000f\000\040\000D\000y\000n\000a\000m\000i\000c\000s}{section.5}% 20
\BOOKMARK [2][-]{subsection.5.5}{\376\377\000A\000b\000s\000o\000l\000u\000t\000e\000\040\000T\000o\000p\000o\000l\000o\000g\000i\000c\000a\000l\000\040\000B\000o\000u\000n\000d\000s\000\040\000\050\000U\000V\000/\000I\000R\000\040\000C\000u\000t\000o\000f\000f\000s\000\051}{section.5}% 21
\BOOKMARK [2][-]{subsection.5.6}{\376\377\000T\000h\000e\000\040\000Q\000\050\0001\0003\000\051\000\040\000F\000i\000e\000l\000d\000\040\000B\000o\000u\000n\000d\000a\000r\000y\000\040\000a\000n\000d\000\040\000t\000h\000e\000\040\000Q\000u\000a\000r\000k\000/\000L\000e\000p\000t\000o\000n\000\040\000S\000p\000l\000i\000t}{section.5}% 22
\BOOKMARK [2][-]{subsection.5.7}{\376\377\000E\000m\000e\000r\000g\000e\000n\000t\000\040\000\050\0001\000,\0003\000\051\000\040\000L\000o\000r\000e\000n\000t\000z\000i\000a\000n\000\040\000S\000p\000a\000c\000e\000t\000i\000m\000e}{section.5}% 23
\BOOKMARK [1][-]{section.6}{\376\377\000S\000p\000e\000c\000t\000r\000a\000l\000\040\000D\000e\000r\000i\000v\000a\000t\000i\000o\000n\000s\000\040\000f\000r\000o\000m\000\040\000t\000h\000e\000\040\000C\000e\000r\000t\000i\000f\000i\000e\000d\000\040\000S\000y\000m\000m\000e\000t\000r\000i\000e\000s}{part.2}% 24
\BOOKMARK [2][-]{subsection.6.1}{\376\377\000T\000h\000e\000\040\000G\000e\000o\000m\000e\000t\000r\000i\000c\000\040\000O\000r\000i\000g\000i\000n\000\040\000o\000f\000\040\000W\000e\000a\000k\000\040\000I\000s\000o\000s\000p\000i\000n\000\040\000\050\000T\0003\000\051\000\040\000a\000n\000d\000\040\000t\000h\000e\000\040\0001\0000\000\040\0007\000\040\000S\000p\000l\000i\000t}{section.6}% 25
\BOOKMARK [2][-]{subsection.6.2}{\376\377\000T\000h\000e\000\040\000E\000m\000e\000r\000g\000e\000n\000c\000e\000\040\000o\000f\000\040\000t\000h\000e\000\040\000G\000a\000u\000g\000e\000\040\000G\000r\000o\000u\000p\000\040\000A\000l\000g\000e\000b\000r\000a\000s}{section.6}% 26
\BOOKMARK [2][-]{subsection.6.3}{\376\377\000T\000h\000e\000\040\000T\000o\000p\000o\000l\000o\000g\000i\000c\000a\000l\000\040\000D\000i\000r\000a\000c\000\040\000O\000p\000e\000r\000a\000t\000o\000r\000\040\000a\000n\000d\000\040\0003\000\040\000G\000e\000n\000e\000r\000a\000t\000i\000o\000n\000s}{section.6}% 27
\BOOKMARK [1][-]{section.7}{\376\377\000A\000l\000g\000o\000r\000i\000t\000h\000m\000i\000c\000\040\000I\000n\000v\000a\000r\000i\000a\000n\000c\000e\000\040\000a\000n\000d\000\040\000F\000a\000l\000s\000i\000f\000i\000a\000b\000i\000l\000i\000t\000y}{part.2}% 28
\BOOKMARK [1][-]{section.8}{\376\377\000C\000o\000n\000c\000l\000u\000s\000i\000o\000n}{part.2}% 29
