\BOOKMARK [1][-]{section.1}{\376\377\000T\000h\000e\000\040\000C\000o\000n\000s\000t\000r\000u\000c\000t\000i\000o\000n}{}% 1
\BOOKMARK [2][-]{subsection.1.1}{\376\377\000M\000o\000t\000i\000v\000a\000t\000i\000o\000n}{section.1}% 2
\BOOKMARK [2][-]{subsection.1.2}{\376\377\000A\000x\000i\000o\000m\000s}{section.1}% 3
\BOOKMARK [2][-]{subsection.1.3}{\376\377\000T\000h\000e\000\040\000A\000l\000g\000o\000r\000i\000t\000h\000m}{section.1}% 4
\BOOKMARK [2][-]{subsection.1.4}{\376\377\000G\000e\000n\000e\000r\000a\000t\000i\000o\000n\000a\000l\000\040\000R\000e\000c\000u\000r\000s\000i\000o\000n}{section.1}% 5
\BOOKMARK [2][-]{subsection.1.5}{\376\377\000U\000n\000i\000q\000u\000e\000n\000e\000s\000s\000\040\000a\000n\000d\000\040\000P\000a\000r\000s\000i\000m\000o\000n\000y}{section.1}% 6
\BOOKMARK [2][-]{subsection.1.6}{\376\377\000T\000h\000e\000\040\000C\000o\000o\000r\000d\000i\000n\000a\000t\000e\000s}{section.1}% 7
\BOOKMARK [2][-]{subsection.1.7}{\376\377\000T\000h\000e\000\040\000A\000t\000o\000m\000i\000c\000\040\000S\000p\000e\000c\000t\000r\000u\000m}{section.1}% 8
\BOOKMARK [1][-]{section.2}{\376\377\000T\000h\000e\000\040\000S\000i\000x\000\040\000S\000t\000r\000u\000c\000t\000u\000r\000a\000l\000\040\000T\000h\000e\000o\000r\000e\000m\000s}{}% 9
\BOOKMARK [1][-]{section.3}{\376\377\000T\000h\000e\000\040\000M\000a\000t\000h\000e\000m\000a\000t\000i\000c\000a\000l\000l\000y\000\040\000F\000o\000r\000c\000e\000d\000\040\000O\000r\000b\000i\000t\000\040\000S\000t\000r\000u\000c\000t\000u\000r\000e}{}% 10
\BOOKMARK [2][-]{subsection.3.1}{\376\377\000T\000h\000e\000\040\0001\0001\000\040\000G\000e\000o\000m\000e\000t\000r\000i\000c\000\040\000O\000r\000b\000i\000t\000s}{section.3}% 11
\BOOKMARK [1][-]{section.4}{\376\377\000F\000o\000r\000m\000a\000l\000i\000z\000i\000n\000g\000\040\000t\000h\000e\000\040\000y\000-\000C\000o\000o\000r\000d\000i\000n\000a\000t\000e\000\040\000\050\000W\000e\000a\000k\000\040\000I\000s\000o\000s\000p\000i\000n\000\051}{}% 12
\BOOKMARK [1][-]{section.5}{\376\377\000O\000p\000e\000n\000\040\000M\000a\000t\000h\000e\000m\000a\000t\000i\000c\000a\000l\000\040\000P\000r\000o\000b\000l\000e\000m\000s}{}% 13
\BOOKMARK [2][-]{subsection.5.1}{\376\377\000T\000h\000e\000\040\000G\000l\000u\000o\000n\000\040\000O\000r\000b\000i\000t\000\040\000P\000r\000o\000b\000l\000e\000m}{section.5}% 14
\BOOKMARK [2][-]{subsection.5.2}{\376\377\000T\000h\000e\000\040\000G\000e\000o\000m\000e\000t\000r\000i\000c\000\040\000O\000r\000i\000g\000i\000n\000\040\000o\000f\000\040\000H\000y\000p\000e\000r\000c\000h\000a\000r\000g\000e\000\040\000\050\000Y\000\051}{section.5}% 15
\BOOKMARK [2][-]{subsection.5.3}{\376\377\000T\000h\000e\000\040\000E\000i\000g\000e\000n\000s\000p\000a\000c\000e\000\040\000D\000e\000c\000o\000m\000p\000o\000s\000i\000t\000i\000o\000n\000\040\000o\000f\000\040\000P\000a\000r\000i\000t\000y\000\040\000\050\0001\0000\000\040\0007\000\051}{section.5}% 16
\BOOKMARK [2][-]{subsection.5.4}{\376\377\000P\000a\000t\000h\000\040\000G\000r\000a\000p\000h\000\040\000S\000p\000e\000c\000t\000r\000u\000m\000\040\000o\000f\000\040\000t\000h\000e\000\040\000G\000l\000u\000o\000n\000\040\000B\000o\000u\000n\000d\000a\000r\000y}{section.5}% 17
\BOOKMARK [1][-]{section.6}{\376\377\000F\000a\000l\000s\000i\000f\000i\000a\000b\000l\000e\000\040\000S\000t\000r\000u\000c\000t\000u\000r\000a\000l\000\040\000P\000r\000e\000d\000i\000c\000t\000i\000o\000n\000s}{}% 18
\BOOKMARK [2][-]{subsection.6.1}{\376\377\000N\000o\000r\000m\000a\000l\000\040\000N\000e\000u\000t\000r\000i\000n\000o\000\040\000M\000a\000s\000s\000\040\000H\000i\000e\000r\000a\000r\000c\000h\000y}{section.6}% 19
\BOOKMARK [2][-]{subsection.6.2}{\376\377\000Q\000u\000a\000n\000t\000u\000m\000\040\000P\000h\000a\000s\000e\000\040\000I\000n\000t\000e\000r\000f\000e\000r\000e\000n\000c\000e\000\040\000\050\0001\0003\000\040\000C\000o\000n\000s\000i\000s\000t\000e\000n\000c\000y\000\051}{section.6}% 20
\BOOKMARK [2][-]{subsection.6.3}{\376\377\000T\000o\000p\000o\000l\000o\000g\000i\000c\000a\000l\000\040\000S\000o\000l\000a\000r\000\040\000M\000i\000x\000i\000n\000g\000\040\000\050\0001\0002\000\040\000=\000\040\0003\0001\000.\0006\0003\000\051}{section.6}% 21
\BOOKMARK [2][-]{subsection.6.4}{\376\377\000E\000x\000a\000c\000t\000\040\000D\000a\000r\000k\000\040\000M\000a\000t\000t\000e\000r\000\040\000K\000i\000n\000e\000m\000a\000t\000i\000c\000s\000\040\000\050\000R\000o\000t\000a\000t\000i\000o\000n\000\040\000C\000u\000r\000v\000e\000s\000\051}{section.6}% 22
\BOOKMARK [1][-]{section.7}{\376\377\000C\000r\000o\000s\000s\000-\000G\000e\000n\000e\000r\000a\000t\000i\000o\000n\000a\000l\000\040\000I\000n\000v\000a\000r\000i\000a\000n\000t\000s}{}% 23
\BOOKMARK [2][-]{subsection.7.1}{\376\377\000E\000x\000a\000c\000t\000\040\000I\000n\000v\000a\000r\000i\000a\000n\000t\000s}{section.7}% 24
\BOOKMARK [1][-]{section.8}{\376\377\000T\000o\000p\000o\000l\000o\000g\000i\000c\000a\000l\000\040\000I\000n\000v\000a\000r\000i\000a\000n\000t\000s}{}% 25
\BOOKMARK [1][-]{section.9}{\376\377\000T\000h\000e\000\040\000D\000i\000s\000c\000r\000e\000t\000e\000\040\000G\000e\000o\000m\000e\000t\000r\000i\000c\000\040\000L\000a\000g\000r\000a\000n\000g\000i\000a\000n}{}% 26
\BOOKMARK [2][-]{subsection.9.1}{\376\377\000A\000n\000a\000l\000y\000t\000i\000c\000a\000l\000\040\000G\000e\000n\000e\000r\000a\000t\000i\000o\000n\000a\000l\000\040\000M\000a\000s\000s\000\040\000R\000a\000t\000i\000o\000s}{section.9}% 27
\BOOKMARK [1][-]{section.10}{\376\377\000G\000r\000a\000v\000i\000t\000a\000t\000i\000o\000n\000a\000l\000\040\000D\000y\000n\000a\000m\000i\000c\000s\000:\000\040\000T\000h\000e\000\040\000E\000i\000n\000s\000t\000e\000i\000n\000\040\000F\000i\000e\000l\000d\000\040\000E\000q\000u\000a\000t\000i\000o\000n\000s}{}% 28
\BOOKMARK [2][-]{subsection.10.1}{\376\377\000D\000i\000s\000c\000r\000e\000t\000e\000\040\000C\000u\000r\000v\000a\000t\000u\000r\000e\000\040\000f\000r\000o\000m\000\040\000t\000h\000e\000\040\000G\000r\000a\000p\000h}{section.10}% 29
\BOOKMARK [2][-]{subsection.10.2}{\376\377\000C\000o\000n\000t\000i\000n\000u\000u\000m\000\040\000L\000i\000m\000i\000t\000\040\000v\000i\000a\000\040\000R\000e\000c\000u\000r\000s\000i\000o\000n}{section.10}% 30
\BOOKMARK [2][-]{subsection.10.3}{\376\377\000A\000c\000t\000i\000o\000n\000\040\000V\000a\000r\000i\000a\000t\000i\000o\000n\000\040\000a\000n\000d\000\040\000t\000h\000e\000\040\000E\000i\000n\000s\000t\000e\000i\000n\000\040\000T\000e\000n\000s\000o\000r}{section.10}% 31
\BOOKMARK [2][-]{subsection.10.4}{\376\377\000A\000l\000g\000e\000b\000r\000a\000i\000c\000\040\000D\000e\000r\000i\000v\000a\000t\000i\000o\000n\000\040\000o\000f\000\040\000t\000h\000e\000\040\000G\000r\000a\000v\000i\000t\000a\000t\000i\000o\000n\000a\000l\000\040\000C\000o\000u\000p\000l\000i\000n\000g}{section.10}% 32
\BOOKMARK [1][-]{section.11}{\376\377\000Q\000u\000a\000n\000t\000u\000m\000\040\000C\000o\000n\000s\000t\000a\000n\000t\000s\000\040\000a\000n\000d\000\040\000S\000t\000r\000o\000n\000g\000\040\000D\000y\000n\000a\000m\000i\000c\000s}{}% 33
\BOOKMARK [2][-]{subsection.11.1}{\376\377\000E\000x\000a\000c\000t\000\040\000F\000i\000n\000e\000-\000S\000t\000r\000u\000c\000t\000u\000r\000e\000\040\000C\000o\000n\000s\000t\000a\000n\000t}{section.11}% 34
\BOOKMARK [2][-]{subsection.11.2}{\376\377\000S\000U\000\050\0003\000\051\000\040\000A\000l\000g\000e\000b\000r\000a\000\040\000f\000r\000o\000m\000\040\000t\000h\000e\000\040\0008\000\040\000B\000o\000u\000n\000d\000a\000r\000y\000\040\000N\000o\000d\000e\000s}{section.11}% 35
\BOOKMARK [2][-]{subsection.11.3}{\376\377\000S\000t\000r\000u\000c\000t\000u\000r\000a\000l\000\040\000E\000q\000u\000i\000v\000a\000l\000e\000n\000c\000e\000\040\000o\000f\000\040}{section.11}% 36
\BOOKMARK [2][-]{subsection.11.4}{\376\377\000E\000v\000a\000l\000u\000a\000t\000i\000o\000n\000\040\000o\000f\000\040\000E\000x\000t\000e\000n\000d\000e\000d\000\040\000F\000r\000a\000c\000t\000i\000o\000n\000a\000l\000\040\000M\000o\000d\000e\000l\000s}{section.11}% 37
\BOOKMARK [1][-]{section.12}{\376\377\000Q\000u\000a\000n\000t\000u\000m\000\040\000F\000i\000e\000l\000d\000\040\000T\000h\000e\000o\000r\000y\000\040\000f\000r\000o\000m\000\040\000t\000h\000e\000\040\000L\000a\000t\000t\000i\000c\000e}{}% 38
\BOOKMARK [2][-]{subsection.12.1}{\376\377\000T\000h\000e\000\040\000C\000l\000a\000s\000s\000i\000c\000a\000l\000\040\000L\000a\000t\000t\000i\000c\000e\000\040\000A\000c\000t\000i\000o\000n}{section.12}% 39
\BOOKMARK [2][-]{subsection.12.2}{\376\377\000Q\000u\000a\000n\000t\000i\000z\000a\000t\000i\000o\000n\000\040\000v\000i\000a\000\040\000F\000e\000y\000n\000m\000a\000n\000\040\000P\000a\000t\000h\000\040\000I\000n\000t\000e\000g\000r\000a\000l}{section.12}% 40
\BOOKMARK [2][-]{subsection.12.3}{\376\377\000C\000o\000n\000t\000i\000n\000u\000u\000m\000\040\000L\000i\000m\000i\000t\000\040\000v\000i\000a\000\040\000R\000e\000c\000u\000r\000s\000i\000v\000e\000\040\000G\000e\000n\000e\000r\000a\000t\000i\000o\000n\000s}{section.12}% 41
\BOOKMARK [2][-]{subsection.12.4}{\376\377\000E\000m\000e\000r\000g\000e\000n\000c\000e\000\040\000o\000f\000\040\000t\000h\000e\000\040\000S\000t\000a\000n\000d\000a\000r\000d\000\040\000M\000o\000d\000e\000l\000\040\000Q\000F\000T}{section.12}% 42
\BOOKMARK [1][-]{section.13}{\376\377\000C\000o\000n\000c\000l\000u\000s\000i\000o\000n}{}% 43
