{"synthetic": false,
 "schemaVersion": "2025-09-10",
 "outputs":
 {"o": ["587703a487e5b51f.olean"],
  "m": false,
  "i": "4e1601147bf3acee.ilean",
  "c": "5a63071bfe1157c9.c"},
 "log":
 [{"message":
   ".> LEAN_PATH=C:\\Users\\thefa\\Documents\\General - Copy (2)\\ariori-lean\\.lake\\build\\lib\\lean c:\\Users\\thefa\\.elan\\toolchains\\leanprover--lean4---v4.30.0\\bin\\lean.exe -M 8192 C:\\Users\\thefa\\Documents\\General - Copy (2)\\ariori-lean\\ArioriRun.lean -o C:\\Users\\thefa\\Documents\\General - Copy (2)\\ariori-lean\\.lake\\build\\lib\\lean\\ArioriRun.olean -i C:\\Users\\thefa\\Documents\\General - Copy (2)\\ariori-lean\\.lake\\build\\lib\\lean\\ArioriRun.ilean -c C:\\Users\\thefa\\Documents\\General - Copy (2)\\ariori-lean\\.lake\\build\\ir\\ArioriRun.c --setup C:\\Users\\thefa\\Documents\\General - Copy (2)\\ariori-lean\\.lake\\build\\ir\\ArioriRun.setup.json --json",
   "level": "trace"}],
 "inputs":
 [["ArioriRun:deps",
   [["deps",
     [["ariori/ariori:extraDep", [["@ariori:extraDep", "00000000000006bb"]]],
      ["imports", "00000000000006bb"]]],
    ["libs",
     [["import dynlibs", "00000000000006bb"],
      ["package external libraries", "00000000000006bb"],
      ["module dynlibs", "00000000000006bb"],
      ["module plugins", "00000000000006bb"]]]]],
  ["Lean 4.30.0, commit d024af099ca4bf2c86f649261ebf59565dc8c622",
   "2f4703bb19086252"],
  ["C:\\Users\\thefa\\Documents\\General - Copy (2)\\ariori-lean\\ArioriRun.lean",
   "e902020f19fd1865"],
  ["options", [["-DautoImplicit=false", "4a85acb881fd49d0"]]],
  ["isModule: false", "feefd2a0d3a1847e"],
  ["Module.name: ArioriRun", "a73c0fd87e7a7b28"],
  ["Package.id?: (some ariori)", "46bfadfa1d41e11a"],
  ["Module.leanArgs: #[-M, 8192]", "f9b9f9b9651a51ea"]],
 "depHash": "12c79e4426491748"}