{"synthetic": false,
 "schemaVersion": "2025-09-10",
 "outputs":
 {"o": ["316bdd17ae3a5d9d.olean"],
  "m": false,
  "i": "e29505314b014dd3.ilean",
  "c": "a4e888c4f0fdc0c6.c"},
 "log":
 [{"message":
   ".> LEAN_PATH=C:\\Users\\thefa\\Documents\\General - Copy (2)\\ariori-lean\\.lake\\build\\lib\\lean c:\\Users\\thefa\\.elan\\toolchains\\leanprover--lean4---v4.30.0\\bin\\lean.exe -M 8192 C:\\Users\\thefa\\Documents\\General - Copy (2)\\ariori-lean\\ArioriFull.lean -o C:\\Users\\thefa\\Documents\\General - Copy (2)\\ariori-lean\\.lake\\build\\lib\\lean\\ArioriFull.olean -i C:\\Users\\thefa\\Documents\\General - Copy (2)\\ariori-lean\\.lake\\build\\lib\\lean\\ArioriFull.ilean -c C:\\Users\\thefa\\Documents\\General - Copy (2)\\ariori-lean\\.lake\\build\\ir\\ArioriFull.c --setup C:\\Users\\thefa\\Documents\\General - Copy (2)\\ariori-lean\\.lake\\build\\ir\\ArioriFull.setup.json --json",
   "level": "trace"},
  {"message":
   "ArioriFull.lean:685:18: This simp argument is unused:\n  h\n\nHint: Omit it from the simp argument list.\n  simp ̵[̵h̵]̵\n\nNote: This linter can be disabled with `set_option linter.unusedSimpArgs false`",
   "level": "warning"},
  {"message":
   "ArioriFull.lean:687:12: This simp argument is unused:\n  h\n\nHint: Omit it from the simp argument list.\n  simp ̵[̵h̵]̵\n\nNote: This linter can be disabled with `set_option linter.unusedSimpArgs false`",
   "level": "warning"},
  {"message":
   "ArioriFull.lean:913:44: This simp argument is unused:\n  Nat.add_assoc\n\nHint: Omit it from the simp argument list.\n  simp only [List.foldl, ih, List.length, N̵a̵t̵.̵a̵d̵d̵_̵a̵s̵s̵o̵c̵,̵ ̵Nat.add_comm, Nat.add_left_comm]\n\nNote: This linter can be disabled with `set_option linter.unusedSimpArgs false`",
   "level": "warning"},
  {"message":
   "ArioriFull.lean:918:2: try 'simp' instead of 'simpa'\n\nNote: This linter can be disabled with `set_option linter.unnecessarySimpa false`",
   "level": "warning"}],
 "inputs":
 [["ArioriFull:deps",
   [["deps",
     [["ariori/ariori:extraDep", [["@ariori:extraDep", "00000000000006bb"]]],
      ["imports", "00000000000006bb"]]],
    ["libs",
     [["import dynlibs", "00000000000006bb"],
      ["package external libraries", "00000000000006bb"],
      ["module dynlibs", "00000000000006bb"],
      ["module plugins", "00000000000006bb"]]]]],
  ["Lean 4.30.0, commit d024af099ca4bf2c86f649261ebf59565dc8c622",
   "2f4703bb19086252"],
  ["C:\\Users\\thefa\\Documents\\General - Copy (2)\\ariori-lean\\ArioriFull.lean",
   "072f13cfadbd9f14"],
  ["options", [["-DautoImplicit=false", "4a85acb881fd49d0"]]],
  ["isModule: false", "feefd2a0d3a1847e"],
  ["Module.name: ArioriFull", "8b480c6b2c193188"],
  ["Package.id?: (some ariori)", "46bfadfa1d41e11a"],
  ["Module.leanArgs: #[-M, 8192]", "f9b9f9b9651a51ea"]],
 "depHash": "7eb8a0f7c7f8924b"}