{"synthetic": false,
 "schemaVersion": "2025-09-10",
 "outputs":
 {"o": ["31c7e61f8e81040c.olean"],
  "m": false,
  "i": "87276c5d84c77155.ilean",
  "c": "2b99b517ff8d982a.c"},
 "log":
 [{"message":
   ".> LEAN_PATH=C:\\Users\\thefa\\Documents\\General - Copy (2)\\ariori-lean\\.lake\\build\\lib\\lean c:\\Users\\thefa\\.elan\\toolchains\\leanprover--lean4---v4.30.0\\bin\\lean.exe -M 8192 C:\\Users\\thefa\\Documents\\General - Copy (2)\\ariori-lean\\SpectralFull.lean -o C:\\Users\\thefa\\Documents\\General - Copy (2)\\ariori-lean\\.lake\\build\\lib\\lean\\SpectralFull.olean -i C:\\Users\\thefa\\Documents\\General - Copy (2)\\ariori-lean\\.lake\\build\\lib\\lean\\SpectralFull.ilean -c C:\\Users\\thefa\\Documents\\General - Copy (2)\\ariori-lean\\.lake\\build\\ir\\SpectralFull.c --setup C:\\Users\\thefa\\Documents\\General - Copy (2)\\ariori-lean\\.lake\\build\\ir\\SpectralFull.setup.json --json",
   "level": "trace"}],
 "inputs":
 [["SpectralFull:deps",
   [["deps",
     [["ariori/SpectralCore:extraDep",
       [["@ariori:extraDep", "00000000000006bb"]]],
      ["imports",
       [["ArioriFull transitive imports (legacy)", "00000000000006bb"],
        ["ArioriFull:importAllArts", "b4315104f4b090a8"]]]]],
    ["libs",
     [["import dynlibs", "00000000000006bb"],
      ["package external libraries", "00000000000006bb"],
      ["module dynlibs", "00000000000006bb"],
      ["module plugins", "00000000000006bb"]]]]],
  ["Lean 4.30.0, commit d024af099ca4bf2c86f649261ebf59565dc8c622",
   "2f4703bb19086252"],
  ["C:\\Users\\thefa\\Documents\\General - Copy (2)\\ariori-lean\\SpectralFull.lean",
   "f7908fea869a360c"],
  ["options", [["-DautoImplicit=false", "4a85acb881fd49d0"]]],
  ["isModule: false", "feefd2a0d3a1847e"],
  ["Module.name: SpectralFull", "e4a417aae52d1b5c"],
  ["Package.id?: (some ariori)", "46bfadfa1d41e11a"],
  ["Module.leanArgs: #[-M, 8192]", "f9b9f9b9651a51ea"]],
 "depHash": "e7cfb826b48d7493"}