{"synthetic": false,
 "schemaVersion": "2025-09-10",
 "outputs":
 {"o": ["8358c4c0518f97d8.olean"],
  "m": false,
  "i": "5b0289046b13594c.ilean",
  "c": "f3547deb30b937e0.c"},
 "log":
 [{"message":
   ".> LEAN_PATH=C:\\Users\\thefa\\Documents\\General - Copy (2)\\spectral-lean\\.lake\\build\\lib\\lean c:\\Users\\thefa\\.elan\\toolchains\\leanprover--lean4---v4.30.0\\bin\\lean.exe -M 8192 C:\\Users\\thefa\\Documents\\General - Copy (2)\\spectral-lean\\SpectralMain.lean -o C:\\Users\\thefa\\Documents\\General - Copy (2)\\spectral-lean\\.lake\\build\\lib\\lean\\SpectralMain.olean -i C:\\Users\\thefa\\Documents\\General - Copy (2)\\spectral-lean\\.lake\\build\\lib\\lean\\SpectralMain.ilean -c C:\\Users\\thefa\\Documents\\General - Copy (2)\\spectral-lean\\.lake\\build\\ir\\SpectralMain.c --setup C:\\Users\\thefa\\Documents\\General - Copy (2)\\spectral-lean\\.lake\\build\\ir\\SpectralMain.setup.json --json",
   "level": "trace"}],
 "inputs":
 [["SpectralMain:deps",
   [["deps",
     [["spectral/spectral:extraDep",
       [["@spectral:extraDep", "00000000000006bb"]]],
      ["imports",
       [["Spectral transitive imports (legacy)", "00000000000006bb"],
        ["Spectral:importAllArts", "d4b3c1eaea034fe7"],
        ["SpectralAnalytic transitive imports (legacy)", "4475c9e386d781ca"],
        ["SpectralAnalytic:importAllArts", "69a09ef996434c37"]]]]],
    ["libs",
     [["import dynlibs", "00000000000006bb"],
      ["package external libraries", "00000000000006bb"],
      ["module dynlibs", "00000000000006bb"],
      ["module plugins", "00000000000006bb"]]]]],
  ["Lean 4.30.0, commit d024af099ca4bf2c86f649261ebf59565dc8c622",
   "2f4703bb19086252"],
  ["C:\\Users\\thefa\\Documents\\General - Copy (2)\\spectral-lean\\SpectralMain.lean",
   "082f53edb5c1576d"],
  ["options", [["-DautoImplicit=false", "4a85acb881fd49d0"]]],
  ["isModule: false", "feefd2a0d3a1847e"],
  ["Module.name: SpectralMain", "fe08f9f302d9c158"],
  ["Package.id?: (some spectral)", "4c80fad61d75f875"],
  ["Module.leanArgs: #[-M, 8192]", "f9b9f9b9651a51ea"]],
 "depHash": "39c8080b641757e0"}