{"synthetic": false,
 "schemaVersion": "2025-09-10",
 "outputs":
 {"o": ["14c7c834a53ec7d1.olean"],
  "m": false,
  "i": "d3e918ccc6efee80.ilean",
  "c": "dbdaf69b2f705323.c"},
 "log":
 [{"message":
   ".> LEAN_PATH=C:\\Users\\thefa\\Documents\\General - Copy (2)\\spectral-lean\\.lake\\build\\lib\\lean c:\\Users\\thefa\\.elan\\toolchains\\leanprover--lean4---v4.30.0\\bin\\lean.exe -M 8192 C:\\Users\\thefa\\Documents\\General - Copy (2)\\spectral-lean\\Spectral.lean -o C:\\Users\\thefa\\Documents\\General - Copy (2)\\spectral-lean\\.lake\\build\\lib\\lean\\Spectral.olean -i C:\\Users\\thefa\\Documents\\General - Copy (2)\\spectral-lean\\.lake\\build\\lib\\lean\\Spectral.ilean -c C:\\Users\\thefa\\Documents\\General - Copy (2)\\spectral-lean\\.lake\\build\\ir\\Spectral.c --setup C:\\Users\\thefa\\Documents\\General - Copy (2)\\spectral-lean\\.lake\\build\\ir\\Spectral.setup.json --json",
   "level": "trace"}],
 "inputs":
 [["Spectral:deps",
   [["deps",
     [["spectral/spectral:extraDep",
       [["@spectral:extraDep", "00000000000006bb"]]],
      ["imports", "00000000000006bb"]]],
    ["libs",
     [["import dynlibs", "00000000000006bb"],
      ["package external libraries", "00000000000006bb"],
      ["module dynlibs", "00000000000006bb"],
      ["module plugins", "00000000000006bb"]]]]],
  ["Lean 4.30.0, commit d024af099ca4bf2c86f649261ebf59565dc8c622",
   "2f4703bb19086252"],
  ["C:\\Users\\thefa\\Documents\\General - Copy (2)\\spectral-lean\\Spectral.lean",
   "d052dbb5d49d665c"],
  ["options", [["-DautoImplicit=false", "4a85acb881fd49d0"]]],
  ["isModule: false", "feefd2a0d3a1847e"],
  ["Module.name: Spectral", "8b3ee86406a3c703"],
  ["Package.id?: (some spectral)", "4c80fad61d75f875"],
  ["Module.leanArgs: #[-M, 8192]", "f9b9f9b9651a51ea"]],
 "depHash": "9028e326ba5bb2d8"}