{"synthetic": false,
 "schemaVersion": "2025-09-10",
 "outputs":
 {"o": ["ef529c0d622f5ebf.olean"],
  "m": false,
  "i": "3920f075f2462f18.ilean",
  "c": "d54c67f4be51dcf1.c"},
 "log":
 [{"message":
   ".> LEAN_PATH=C:\\Users\\thefa\\Documents\\General - Copy (2)\\spectral-lean\\.lake\\build\\lib\\lean c:\\Users\\thefa\\.elan\\toolchains\\leanprover--lean4---v4.30.0\\bin\\lean.exe -M 8192 C:\\Users\\thefa\\Documents\\General - Copy (2)\\spectral-lean\\SpectralAnalytic.lean -o C:\\Users\\thefa\\Documents\\General - Copy (2)\\spectral-lean\\.lake\\build\\lib\\lean\\SpectralAnalytic.olean -i C:\\Users\\thefa\\Documents\\General - Copy (2)\\spectral-lean\\.lake\\build\\lib\\lean\\SpectralAnalytic.ilean -c C:\\Users\\thefa\\Documents\\General - Copy (2)\\spectral-lean\\.lake\\build\\ir\\SpectralAnalytic.c --setup C:\\Users\\thefa\\Documents\\General - Copy (2)\\spectral-lean\\.lake\\build\\ir\\SpectralAnalytic.setup.json --json",
   "level": "trace"}],
 "inputs":
 [["SpectralAnalytic:deps",
   [["deps",
     [["spectral/SpectralLib:extraDep",
       [["@spectral:extraDep", "00000000000006bb"]]],
      ["imports",
       [["Spectral transitive imports (legacy)", "00000000000006bb"],
        ["Spectral:importAllArts", "d4b3c1eaea034fe7"]]]]],
    ["libs",
     [["import dynlibs", "00000000000006bb"],
      ["package external libraries", "00000000000006bb"],
      ["module dynlibs", "00000000000006bb"],
      ["module plugins", "00000000000006bb"]]]]],
  ["Lean 4.30.0, commit d024af099ca4bf2c86f649261ebf59565dc8c622",
   "2f4703bb19086252"],
  ["C:\\Users\\thefa\\Documents\\General - Copy (2)\\spectral-lean\\SpectralAnalytic.lean",
   "3c81fc1b17be8ad0"],
  ["options", [["-DautoImplicit=false", "4a85acb881fd49d0"]]],
  ["isModule: false", "feefd2a0d3a1847e"],
  ["Module.name: SpectralAnalytic", "36a6a69dd3b5e9db"],
  ["Package.id?: (some spectral)", "4c80fad61d75f875"],
  ["Module.leanArgs: #[-M, 8192]", "f9b9f9b9651a51ea"]],
 "depHash": "c90ad3533b541b1e"}